(Mon Jun 15 14:11:26 2026) Completed: Initial Processing/Create Initial Output Files in model: C:\models\Reno_TDM\rtcwc
(Mon Jun 15 14:11:26 2026) Result: 1
(Mon Jun 15 14:11:26 2026) Scenario: base_2022_dl0 - Running Initial Processing/Network Calculators...
(Mon Jun 15 14:11:27 2026) Scenario: base_2022_dl0 - Running Network Calculators/Area Type...
(Mon Jun 15 14:11:46 2026) Completed: Network Calculators/Area Type in model: C:\models\Reno_TDM\rtcwc
(Mon Jun 15 14:11:46 2026) Result: 1
(Mon Jun 15 14:11:46 2026) Scenario: base_2022_dl0 - Running Network Calculators/Capacities...
(Mon Jun 15 14:11:49 2026) Completed: Network Calculators/Capacities in model: C:\models\Reno_TDM\rtcwc
(Mon Jun 15 14:11:49 2026) Result: 1
(Mon Jun 15 14:11:50 2026) Scenario: base_2022_dl0 - Running Network Calculators/Speeds & Tolls...
(Mon Jun 15 14:12:51 2026) Completed: Network Calculators/Speeds & Tolls in model: C:\models\Reno_TDM\rtcwc
(Mon Jun 15 14:12:51 2026) Result: 1
(Mon Jun 15 14:12:51 2026) Scenario: base_2022_dl0 - Running Network Calculators/Network Creation...
(Mon Jun 15 14:13:57 2026) Completed: Network Calculators/Network Creation in model: C:\models\Reno_TDM\rtcwc
(Mon Jun 15 14:13:57 2026) Result: 1
(Mon Jun 15 14:13:57 2026) Completed: Initial Processing/Network Calculators in model: C:\models\Reno_TDM\rtcwc
(Mon Jun 15 14:13:57 2026) Result: 1
(Mon Jun 15 14:13:58 2026) Scenario: base_2022_dl0 - Running Initial Processing/Accessibility...
(Mon Jun 15 14:14:53 2026) Completed: Initial Processing/Accessibility in model: C:\models\Reno_TDM\rtcwc
(Mon Jun 15 14:14:53 2026) Result: 1
(Mon Jun 15 14:14:54 2026) Scenario: base_2022_dl0 - Running Initial Processing/Population Synthesis...
(Mon Jun 15 14:14:54 2026) Scenario: base_2022_dl0 - Running Population Synthesis/Disaggregate Curves...
(Mon Jun 15 14:14:54 2026) Completed: Population Synthesis/Disaggregate Curves in model: C:\models\Reno_TDM\rtcwc
(Mon Jun 15 14:14:54 2026) Result: 1
(Mon Jun 15 14:14:54 2026) Scenario: base_2022_dl0 - Running Population Synthesis/IPU Synthesis...
(Mon Jun 15 14:15:53 2026) Completed: Population Synthesis/IPU Synthesis in model: C:\models\Reno_TDM\rtcwc
(Mon Jun 15 14:15:53 2026) Result: 1
(Mon Jun 15 14:15:53 2026) Scenario: base_2022_dl0 - Running Population Synthesis/Auto Ownership...
(Mon Jun 15 14:16:03 2026) Completed: Population Synthesis/Auto Ownership in model: C:\models\Reno_TDM\rtcwc
(Mon Jun 15 14:16:03 2026) Result: 1
(Mon Jun 15 14:16:03 2026) Completed: Initial Processing/Population Synthesis in model: C:\models\Reno_TDM\rtcwc
(Mon Jun 15 14:16:03 2026) Result: 1
(Mon Jun 15 14:16:04 2026) Completed: rtcwc/Initial Processing in model: C:\models\Reno_TDM\rtcwc
(Mon Jun 15 14:16:04 2026) Result: 1
(Mon Jun 15 14:16:04 2026) Scenario: base_2022_dl0 - Running rtcwc/Generation Models...
(Mon Jun 15 14:16:05 2026) Scenario: base_2022_dl0 - Running Generation Models/Home-based Productions...
(Mon Jun 15 14:18:44 2026) Completed: Generation Models/Home-based Productions in model: C:\models\Reno_TDM\rtcwc
(Mon Jun 15 14:18:44 2026) Result: 1
(Mon Jun 15 14:18:44 2026) Scenario: base_2022_dl0 - Running Generation Models/Special Markets Generation...
(Mon Jun 15 14:18:45 2026) Scenario: base_2022_dl0 - Running Special Markets Generation/Airport...
(Mon Jun 15 14:18:46 2026) Completed: Special Markets Generation/Airport in model: C:\models\Reno_TDM\rtcwc
(Mon Jun 15 14:18:46 2026) Result: 1
(Mon Jun 15 14:18:46 2026) Scenario: base_2022_dl0 - Running Special Markets Generation/University...
(Mon Jun 15 14:18:46 2026) Completed: Special Markets Generation/University in model: C:\models\Reno_TDM\rtcwc
(Mon Jun 15 14:18:46 2026) Result: 1
(Mon Jun 15 14:18:47 2026) Scenario: base_2022_dl0 - Running Special Markets Generation/Externals...
(Mon Jun 15 14:18:50 2026) Completed: Special Markets Generation/Externals in model: C:\models\Reno_TDM\rtcwc
(Mon Jun 15 14:18:50 2026) Result: 1
(Mon Jun 15 14:18:51 2026) Scenario: base_2022_dl0 - Running Special Markets Generation/Commercial Vehicles...
(Mon Jun 15 14:18:51 2026) Completed: Special Markets Generation/Commercial Vehicles in model: C:\models\Reno_TDM\rtcwc
(Mon Jun 15 14:18:51 2026) Result: 1
(Mon Jun 15 14:18:51 2026) Completed: Generation Models/Special Markets Generation in model: C:\models\Reno_TDM\rtcwc
(Mon Jun 15 14:18:51 2026) Result: 1
(Mon Jun 15 14:18:52 2026) Completed: rtcwc/Generation Models in model: C:\models\Reno_TDM\rtcwc
(Mon Jun 15 14:18:52 2026) Result: 1
(Mon Jun 15 14:18:52 2026) Scenario: base_2022_dl0 - Running rtcwc/NonMotorized Models...
(Mon Jun 15 14:18:52 2026) Scenario: base_2022_dl0 - Running NonMotorized Models/NonMotorized Choice...
(Mon Jun 15 14:21:58 2026) Completed: NonMotorized Models/NonMotorized Choice in model: C:\models\Reno_TDM\rtcwc
(Mon Jun 15 14:21:58 2026) Result: 1
(Mon Jun 15 14:21:58 2026) Scenario: base_2022_dl0 - Running NonMotorized Models/NM Distribution...
(Mon Jun 15 14:22:15 2026) Completed: NonMotorized Models/NM Distribution in model: C:\models\Reno_TDM\rtcwc
(Mon Jun 15 14:22:15 2026) Result: 1
(Mon Jun 15 14:22:15 2026) Scenario: base_2022_dl0 - Running NonMotorized Models/NM Time-of-Day...
(Mon Jun 15 14:30:12 2026) Completed: NonMotorized Models/NM Time-of-Day in model: C:\models\Reno_TDM\rtcwc
(Mon Jun 15 14:30:12 2026) Result: 1
(Mon Jun 15 14:30:13 2026) Scenario: base_2022_dl0 - Running NonMotorized Models/NM Assignment...
(Mon Jun 15 14:30:14 2026) Completed: NonMotorized Models/NM Assignment in model: C:\models\Reno_TDM\rtcwc
(Mon Jun 15 14:30:14 2026) Result: 1
(Mon Jun 15 14:30:15 2026) Completed: rtcwc/NonMotorized Models in model: C:\models\Reno_TDM\rtcwc
(Mon Jun 15 14:30:15 2026) Result: 1
(Mon Jun 15 14:30:15 2026) Scenario: base_2022_dl0 - Running rtcwc/Time of Day...
(Mon Jun 15 14:33:05 2026) Completed: rtcwc/Time of Day in model: C:\models\Reno_TDM\rtcwc
(Mon Jun 15 14:33:05 2026) Result: 1
(Mon Jun 15 14:33:05 2026) Scenario: base_2022_dl0 - Running rtcwc/Skimming...
(Mon Jun 15 14:33:05 2026) Scenario: base_2022_dl0 - Running Skimming/Roadway Skims...
(Mon Jun 15 14:33:22 2026) Completed: Skimming/Roadway Skims in model: C:\models\Reno_TDM\rtcwc
(Mon Jun 15 14:33:22 2026) Result: 1
(Mon Jun 15 14:33:22 2026) Scenario: base_2022_dl0 - Running Skimming/Transit Skims...
(Mon Jun 15 14:35:19 2026) Completed: Skimming/Transit Skims in model: C:\models\Reno_TDM\rtcwc
(Mon Jun 15 14:35:19 2026) Result: 1
(Mon Jun 15 14:35:20 2026) Completed: rtcwc/Skimming in model: C:\models\Reno_TDM\rtcwc
(Mon Jun 15 14:35:20 2026) Result: 1
(Mon Jun 15 14:35:20 2026) Scenario: base_2022_dl0 - Running rtcwc/Home-based Choice Models...
(Mon Jun 15 14:35:20 2026) Scenario: base_2022_dl0 - Running Home-based Choice Models/Mode Probabilities...
(Mon Jun 15 14:37:50 2026) Completed: Home-based Choice Models/Mode Probabilities in model: C:\models\Reno_TDM\rtcwc
(Mon Jun 15 14:37:50 2026) Result: 1
(Mon Jun 15 14:37:50 2026) Scenario: base_2022_dl0 - Running Home-based Choice Models/Destination Probabilities...
(Mon Jun 15 14:56:47 2026) Completed: Home-based Choice Models/Destination Probabilities in model: C:\models\Reno_TDM\rtcwc
(Mon Jun 15 14:56:47 2026) Result: 1
(Mon Jun 15 14:56:48 2026) Scenario: base_2022_dl0 - Running Home-based Choice Models/Application of Probabilities...
(Mon Jun 15 14:58:57 2026) Completed: Home-based Choice Models/Application of Probabilities in model: C:\models\Reno_TDM\rtcwc
(Mon Jun 15 14:58:57 2026) Result: 1
(Mon Jun 15 14:58:58 2026) Completed: rtcwc/Home-based Choice Models in model: C:\models\Reno_TDM\rtcwc
(Mon Jun 15 14:58:58 2026) Result: 1
(Mon Jun 15 14:58:58 2026) Scenario: base_2022_dl0 - Running rtcwc/Non-Home-based Models...
(Mon Jun 15 14:58:59 2026) Scenario: base_2022_dl0 - Running Non-Home-based Models/NHB Generation by Mode...
(Mon Jun 15 14:59:03 2026) Completed: Non-Home-based Models/NHB Generation by Mode in model: C:\models\Reno_TDM\rtcwc
(Mon Jun 15 14:59:03 2026) Result: 1
(Mon Jun 15 14:59:03 2026) Scenario: base_2022_dl0 - Running Non-Home-based Models/NHB Destination Choice...
(Mon Jun 15 14:59:16 2026) Completed: Non-Home-based Models/NHB Destination Choice in model: C:\models\Reno_TDM\rtcwc
(Mon Jun 15 14:59:16 2026) Result: 1
(Mon Jun 15 14:59:16 2026) Completed: rtcwc/Non-Home-based Models in model: C:\models\Reno_TDM\rtcwc
(Mon Jun 15 14:59:16 2026) Result: 1
(Mon Jun 15 14:59:16 2026) Scenario: base_2022_dl0 - Running rtcwc/Special Market DC & MC...
(Mon Jun 15 14:59:17 2026) Scenario: base_2022_dl0 - Running Special Market DC & MC/Airport MC...
(Mon Jun 15 14:59:27 2026) Completed: Special Market DC & MC/Airport MC in model: C:\models\Reno_TDM\rtcwc
(Mon Jun 15 14:59:27 2026) Result: 1
(Mon Jun 15 14:59:27 2026) Scenario: base_2022_dl0 - Running Special Market DC & MC/University DC & MC...
(Mon Jun 15 15:00:14 2026) Completed: Special Market DC & MC/University DC & MC in model: C:\models\Reno_TDM\rtcwc
(Mon Jun 15 15:00:14 2026) Result: 1
(Mon Jun 15 15:00:15 2026) Scenario: base_2022_dl0 - Running Special Market DC & MC/Commercial Vehicles DC...
(Mon Jun 15 15:00:17 2026) Completed: Special Market DC & MC/Commercial Vehicles DC in model: C:\models\Reno_TDM\rtcwc
(Mon Jun 15 15:00:17 2026) Result: 1
(Mon Jun 15 15:00:17 2026) Completed: rtcwc/Special Market DC & MC in model: C:\models\Reno_TDM\rtcwc
(Mon Jun 15 15:00:17 2026) Result: 1
(Mon Jun 15 15:00:18 2026) Scenario: base_2022_dl0 - Running rtcwc/Visitor Trips...
(Mon Jun 15 15:00:49 2026) Completed: rtcwc/Visitor Trips in model: C:\models\Reno_TDM\rtcwc
(Mon Jun 15 15:00:49 2026) Result: 1
(Mon Jun 15 15:00:50 2026) Scenario: base_2022_dl0 - Running rtcwc/Roadway Assignment...
(Mon Jun 15 15:00:51 2026) Scenario: base_2022_dl0 - Running Roadway Assignment/Create Assignment Matrices...
(Mon Jun 15 15:02:40 2026) Completed: Roadway Assignment/Create Assignment Matrices in model: C:\models\Reno_TDM\rtcwc
(Mon Jun 15 15:02:40 2026) Result: 1
(Mon Jun 15 15:02:40 2026) Scenario: base_2022_dl0 - Running Roadway Assignment/Pre Assignment...
(Mon Jun 15 15:02:41 2026) Completed: Roadway Assignment/Pre Assignment in model: C:\models\Reno_TDM\rtcwc
(Mon Jun 15 15:02:41 2026) Result: 1
(Mon Jun 15 15:02:41 2026) Scenario: base_2022_dl0 - Running Roadway Assignment/AM Assignment...
(Mon Jun 15 15:06:18 2026) Completed: Roadway Assignment/AM Assignment in model: C:\models\Reno_TDM\rtcwc
(Mon Jun 15 15:06:18 2026) Result: 1
(Mon Jun 15 15:06:19 2026) Scenario: base_2022_dl0 - Running Roadway Assignment/MD Assignment...
(Mon Jun 15 15:08:13 2026) Completed: Roadway Assignment/MD Assignment in model: C:\models\Reno_TDM\rtcwc
(Mon Jun 15 15:08:13 2026) Result: 1
(Mon Jun 15 15:08:13 2026) Scenario: base_2022_dl0 - Running Roadway Assignment/PM Assignment...
